[Bootstrap]
SetupTitle=Instalar
SetupText=Copiando archivos, espere.
CabFile=Comercio.CAB
Spawn=Setup1.exe
Uninstal=st6unst.exe
TmpDir=msftqws.pdw
Cabs=1

[Bootstrap Files]
File1=@VB6STKIT.DLL,$(WinSysPathSysFile),,,7/15/00 12:00:00 AM,101888,6.0.84.50
File2=@OLEPRO32.DLL,$(WinSysPathSysFile),$(DLLSelfRegister),,3/8/99 12:00:00 AM,164112,5.0.4275.1
File3=@COMCAT.DLL,$(WinSysPathSysFile),$(DLLSelfRegister),,6/1/98 12:00:00 AM,22288,4.71.1460.1
File4=@VB6ES.DLL,$(WinSysPath),,$(Shared),10/2/00 12:00:00 AM,119568,6.0.89.88
File5=@STDOLE2.TLB,$(WinSysPathSysFile),$(TLBRegister),,6/3/99 12:00:00 AM,17920,2.40.4275.1
File6=@ASYCFILT.DLL,$(WinSysPathSysFile),,,3/8/99 12:00:00 AM,147728,2.40.4275.1
File7=@OLEAUT32.DLL,$(WinSysPathSysFile),$(DLLSelfRegister),,4/12/00 12:00:00 AM,598288,2.40.4275.1
File8=@msvbvm60.dll,$(WinSysPathSysFile),$(DLLSelfRegister),,8/24/11 5:21:17 PM,1392464,6.0.98.31

[IconGroups]
Group0=Ferreteria San Francisco
PrivateGroup0=-1
Parent0=$(Programs)

[Ferreteria San Francisco]
Icon1="Ferreteria.exe"
Title1=Ferreteria San Francisco
StartIn1=$(AppPath)

[Setup]
Title=Software de Comercio
DefaultDir=$(ProgramFiles)\Ferreteria
AppExe=Comercio.exe
AppToUninstall=Comercio.exe

[Setup1 Files]
File1=@SSform32.ocx,$(WinSysPath),$(DLLSelfRegister),$(Shared),8/22/97 2:02:00 AM,168984,2.0.2.6
File2=@ssdock32.ocx,$(WinSysPath),$(DLLSelfRegister),$(Shared),8/22/97 2:02:00 AM,223256,2.0.2.6
File3=@ssr2c.dll,$(WinSysPath),$(DLLSelfRegister),$(Shared),11/5/98 12:35:08 PM,72704,1.0.0.9
File4=@MSVCRT.DLL,$(WinSysPathSysFile),,,2/17/04 12:00:00 AM,278581,6.0.9782.0
File5=@mfc42.dll,$(WinSysPathSysFile),$(DLLSelfRegister),,8/24/11 5:20:40 PM,978944,6.2.8081.0
File6=@ssdw3ao.ocx,$(WinSysPath),$(DLLSelfRegister),$(Shared),11/10/98 11:15:54 AM,559400,3.1.1.2
File7=@ssdw3a32.ocx,$(WinSysPath),$(DLLSelfRegister),$(Shared),11/5/98 12:38:52 PM,555800,3.1.1.2
File8=@SSTree.ocx,$(WinSysPath),$(DLLSelfRegister),$(Shared),3/12/98 1:01:00 AM,291872,1.0.1.1
File9=@SSLstBar.ocx,$(WinSysPath),$(DLLSelfRegister),$(Shared),6/19/98 3:27:56 PM,235976,1.0.1.10
File10=@MDAC_TYP.EXE,$(AppPath),,,8/7/98 12:00:00 AM,6477888,4.72.3110.0
File11=@u2lsamp1.dll,$(AppPath),,,11/23/97 11:00:00 AM,27136,0.0.0.0
File12=@u2lfinra.dll,$(AppPath),,,11/23/97 11:00:00 AM,12288,0.0.0.0
File13=@u2lexch.dll,$(AppPath),,,11/23/97 11:00:00 AM,36864,0.0.0.0
File14=@u2lesbse.dll,$(AppPath),,,11/23/97 11:00:00 AM,70656,0.0.0.0
File15=@u2ldts.dll,$(AppPath),,,11/23/97 11:00:00 AM,38400,0.0.0.0
File16=@u2lcom.dll,$(WinSysPath),,$(Shared),11/23/97 10:00:00 AM,150016,1.0.0.3
File17=@u2lbar.dll,$(AppPath),,,11/23/97 11:00:00 AM,40960,0.0.0.0
File18=@u2l2000.dll,$(WinSysPath),,$(Shared),11/23/97 10:00:00 AM,49152,6.0.0.1
File19=@u25total.dll,$(AppPath),,,11/23/97 11:00:00 AM,59904,0.0.0.0
File20=@u25store.dll,$(AppPath),,,11/23/97 11:00:00 AM,61440,0.0.0.0
File21=@u25dts.dll,$(AppPath),,,11/23/97 11:00:00 AM,44544,0.0.0.0
File22=@u2fxls.dll,$(WinSysPath),,$(Shared),11/23/97 10:00:00 AM,125952,6.0.0.19
File23=@u2fwordw.dll,$(WinSysPath),,$(Shared),11/23/97 10:00:00 AM,118272,6.0.0.9
File24=@u2fwks.dll,$(WinSysPath),,$(Shared),11/23/97 10:00:00 AM,57344,5.0.0.0
File25=@u2ftext.dll,$(WinSysPath),,$(Shared),11/23/97 10:00:00 AM,112128,6.0.0.9
File26=@u2fsepv.dll,$(WinSysPath),,$(Shared),11/23/97 10:00:00 AM,53248,5.0.0.0
File27=@u2frtf.dll,$(WinSysPath),,$(Shared),11/23/97 10:00:00 AM,100864,6.0.0.5
File28=@u2frec.dll,$(WinSysPath),,$(Shared),11/23/97 10:00:00 AM,49152,1.0.0.1
File29=@u2frdef.dll,$(AppPath),,,11/23/97 11:00:00 AM,78848,6.0.0.4
File30=@u2fodbc.dll,$(WinSysPath),,$(Shared),11/23/97 10:00:00 AM,77824,6.0.0.8
File31=@u2fhtml.dll,$(WinSysPath),,$(Shared),11/23/97 10:00:00 AM,223232,6.0.0.61
File32=@u2fdif.dll,$(WinSysPath),,$(Shared),11/23/97 10:00:00 AM,53248,5.0.0.0
File33=@u2fcr.dll,$(WinSysPath),,$(Shared),11/23/97 10:00:00 AM,97598,5.0.0.0
File34=@u2dvim.dll,$(WinSysPath),,$(Shared),11/23/97 10:00:00 AM,87552,6.0.0.7
File35=@u2dpost.dll,$(WinSysPath),,$(Shared),11/23/97 10:00:00 AM,66560,5.0.0.1
File36=@u2dnotes.dll,$(WinSysPath),,$(Shared),11/23/97 10:00:00 AM,89088,6.0.0.7
File37=@u2dmapi.dll,$(WinSysPath),,$(Shared),11/23/97 10:00:00 AM,125901,5.0.0.0
File38=@u2ddisk.dll,$(WinSysPath),,$(Shared),11/23/97 10:00:00 AM,45056,5.0.0.0
File39=@p2swblg.dll,$(WinSysPath),,$(Shared),11/23/97 10:00:00 AM,166912,6.0.0.2
File40=@p2strack.dll,$(WinSysPath),,$(Shared),11/23/97 10:00:00 AM,196096,6.0.0.0
File41=@p2ssyb10.dll,$(WinSysPath),,$(Shared),11/23/97 10:00:00 AM,130560,6.0.0.14
File42=@p2ssql.dll,$(WinSysPath),,$(Shared),11/23/97 10:00:00 AM,129024,6.0.0.11
File43=@p2srepl.dll,$(WinSysPath),,$(Shared),11/23/97 10:00:00 AM,138752,6.0.0.0
File44=@P2SOUTLK.DLL,$(WinSysPath),,$(Shared),11/23/97 10:00:00 AM,810496,6.0.0.2
File45=@p2sora7.dll,$(WinSysPath),,$(Shared),11/23/97 10:00:00 AM,174080,6.0.0.15
File46=@p2sodbc.dll,$(WinSysPath),,$(Shared),11/23/97 11:00:00 AM,154112,6.0.0.59
File47=@p2smon.dll,$(WinSysPath),,$(Shared),11/23/97 11:00:00 AM,122880,6.0.0.7
File48=@p2smapi.dll,$(WinSysPath),,$(Shared),11/23/97 10:00:00 AM,129024,6.0.0.0
File49=@P2SIFMX.DLL,$(WinSysPath),,$(Shared),1/24/03 4:42:00 AM,142336,6.0.0.0
File50=@p2sexsr.dll,$(WinSysPath),,$(Shared),11/23/97 10:00:00 AM,154112,6.0.0.2
File51=@p2sevt.dll,$(WinSysPath),,$(Shared),11/23/97 11:00:00 AM,133120,6.0.0.1
File52=@P2SDB2.DLL,$(WinSysPath),,$(Shared),11/23/97 10:00:00 AM,169984,6.0.0.11
File53=@p2sacl.dll,$(WinSysPath),,$(Shared),11/23/97 10:00:00 AM,140800,6.0.0.0
File54=@P2OESBSE.DLL,$(WinSysPath),,$(Shared),11/23/97 10:00:00 AM,141312,6.0.0.0
File55=@p2lodbc.dll,$(WinSysPath),,$(Shared),11/23/97 10:00:00 AM,82432,6.0.0.17
File56=@p2ixbse.dll,$(WinSysPath),,$(Shared),11/23/97 10:00:00 AM,222208,6.0.0.1
File57=@p2irdao.dll,$(WinSysPath),,$(Shared),11/23/97 11:00:00 AM,64000,6.0.0.26
File58=@p2iract.dll,$(WinSysPath),,$(Shared),11/23/97 10:00:00 AM,40960,6.0.0.1
File59=@p2ctdao.dll,$(WinSysPath),,$(Shared),11/23/97 11:00:00 AM,54272,6.0.0.25
File60=@p2ctbtrv.dll,$(WinSysPath),,$(Shared),11/23/97 10:00:00 AM,75776,6.0.0.6
File61=@p2bxbse.dll,$(WinSysPath),,$(Shared),11/23/97 10:00:00 AM,262144,6.0.0.5
File62=@p2bdao.dll,$(WinSysPath),,$(Shared),11/23/97 11:00:00 AM,105984,6.0.0.31
File63=@p2bbtrv.dll,$(WinSysPath),,$(Shared),11/23/97 10:00:00 AM,94720,6.0.0.6
File64=@p2bbnd.dll,$(WinSysPath),,$(Shared),11/23/97 11:00:00 AM,36352,6.0.0.1
File65=@p2bbde.dll,$(WinSysPath),,$(Shared),11/23/97 10:00:00 AM,135168,6.0.0.7
File66=@p2bact.dll,$(WinSysPath),,$(Shared),11/23/97 10:00:00 AM,267264,6.0.0.2
File67=@crxlat32.dll,$(WinSysPath),,$(Shared),11/23/97 10:00:00 AM,37408,3.0.0.2
File68=@crpaig32.dll,$(WinSysPath),,$(Shared),11/23/97 11:00:00 AM,183296,5.0.0.1
File69=@ccsdk32.dll,$(WinSysPath),,$(Shared),7/3/97 1:10:44 PM,860160,1.0.3.0
File70=@implode.dll,$(WinSysPath),,$(Shared),2/14/95 7:11:00 PM,17920,0.0.0.0
File71=@crpe32.dll,$(WinSysPath),,$(Shared),11/23/97 11:00:00 AM,3572224,6.0.1.135
File72=@crystl32.ocx,$(WinSysPath),$(DLLSelfRegister),$(Shared),11/23/97 11:00:00 AM,991476,6.0.0.607
File73=@SSFM1032.DLL,$(WinSysPathSysFile),$(DLLSelfRegister),,9/22/98 10:08:38 AM,76288,1.0.0.10
File74=@SSCALA32.OCX,$(WinSysPath),$(DLLSelfRegister),$(Shared),10/1/98 11:43:58 AM,684832,1.0.6.3
File75=@ssprn32.dll,$(WinSysPath),$(DLLSelfRegister),$(Shared),5/6/98 3:59:56 PM,72192,1.0.0.34
File76=@ssmedt32.dll,$(WinSysPath),$(DLLSelfRegister),$(Shared),10/26/98 12:07:46 PM,72192,1.0.0.38
File77=@ssdw3b32.ocx,$(WinSysPath),$(DLLSelfRegister),$(Shared),11/10/98 5:52:00 PM,850200,3.1.1.5
File78=@SSCALB32.OCX,$(WinSysPath),$(DLLSelfRegister),$(Shared),10/1/98 11:42:02 AM,323872,1.0.6.3
File79=@ssdw3bo.ocx,$(WinSysPath),$(DLLSelfRegister),$(Shared),11/10/98 5:53:18 PM,857896,3.1.1.5
File80=@sstbars.ocx,$(WinSysPath),$(DLLSelfRegister),$(Shared),7/14/98 1:54:28 PM,362552,1.0.1.13
File81=@ssa3d30.ocx,$(WinSysPath),$(DLLSelfRegister),$(Shared),11/10/98 9:46:08 AM,328480,3.0.0.34
File82=@ADODCES.DLL,$(WinSysPath),,$(Shared),7/28/98 12:00:00 AM,15872,6.0.81.63
File83=@STDFTES.DLL,$(WinSysPath),,$(Shared),7/31/98 12:00:00 AM,6656,6.0.81.63
File84=@msstdfmt.dll,$(WinSysPath),$(DLLSelfRegister),$(Shared),8/24/11 5:26:31 PM,129872,6.1.98.16
File85=@MSADODC.OCX,$(WinSysPath),$(DLLSelfRegister),$(Shared),3/9/04 12:00:00 AM,131856,6.1.97.82
File86=@MSBIND.DLL,$(WinSysPath),$(DLLSelfRegister),$(Shared),2/23/04 12:00:00 AM,78848,6.1.97.82
File87=@Comercio.exe,$(AppPath),,,11/26/20 1:17:10 AM,1384448,1.0.0.0

; Puede eliminar las siguientes líneas para obtener espacio adicional 
; con el fin de personalizar este archivo en un disco de instalación completa.
; 
; XXXXXXXXXXXXXXXXXXXXXXXXXXXXXXXXXXXXXXXXXXXXXXXXXXXXXXXXXXXX
; XXXXXXXXXXXXXXXXXXXXXXXXXXXXXXXXXXXXXXXXXXXXXXXXXXXXXXXXXXXX
; XXXXXXXXXXXXXXXXXXXXXXXXXXXXXXXXXXXXXXXXXXXXXXXXXXXXXXXXXXXX
; XXXXXXXXXXXXXXXXXXXXXXXXXXXXXXXXXXXXXXXXXXXXXXXXXXXXXXXXXXXX
; XXXXXXXXXXXXXXXXXXXXXXXXXXXXXXXXXXXXXXXXXXXXXXXXXXXXXXXXXXXX
; XXXXXXXXXXXXXXXXXXXXXXXXXXXXXXXXXXXXXXXXXXXXXXXXXXXXXXXXXXXX
; XXXXXXXXXXXXXXXXXXXXXXXXXXXXXXXXXXXXXXXXXXXXXXXXXXXXXXXXXXXX
; XXXXXXXXXXXXXXXXXXXXXXXXXXXXXXXXXXXXXXXXXXXXXXXXXXXXXXXXXXXX
; XXXXXXXXXXXXXXXXXXXXXXXXXXXXXXXXXXXXXXXXXXXXXXXXXXXXXXXXXXXX
; XXXXXXXXXXXXXXXXXXXXXXXXXXXXXXXXXXXXXXXXXXXXXXXXXXXXXXXXXXXX
; XXXXXXXXXXXXXXXXXXXXXXXXXXXXXXXXXXXXXXXXXXXXXXXXXXXXXXXXXXXX
; XXXXXXXXXXXXXXXXXXXXXXXXXXXXXXXXXXXXXXXXXXXXXXXXXXXXXXXXXXXX
; XXXXXXXXXXXXXXXXXXXXXXXXXXXXXXXXXXXXXXXXXXXXXXXXXXXXXXXXXXXX
; XXXXXXXXXXXXXXXXXXXXXXXXXXXXXXXXXXXXXXXXXXXXXXXXXXXXXXXXXXXX
; XXXXXXXXXXXXXXXXXXXXXXXXXXXXXXXXXXXXXXXXXXXXXXXXXXXXXXXXXXXX
; XXXXXXXXXXXXXXXXXXXXXXXXXXXXXXXXXXXXXXXXXXXXXXXXXXXXXXXXXXXX
; XXXXXXXXXXXXXXXXXXXXXXXXXXXXXXXXXXXXXXXXXXXXXXXXXXXXXXXXXXXX
; XXXXXXXXXXXXXXXXXXXXXXXXXXXXXXXXXXXXXXXXXXXXXXXXXXXXXXXXXXXX
; XXXXXXXXXXXXXXXXXXXXXXXXXXXXXXXXXXXXXXXXXXXXXXXXXXXXXXXXXXXX
; XXXXXXXXXXXXXXXXXXXXXXXXXXXXXXXXXXXXXXXXXXXXXXXXXXXXXXXXXXXX
; XXXXXXXXXXXXXXXXXXXXXXXXXXXXXXXXXXXXXXXXXXXXXXXXXXXXXXXXXXXX
; XXXXXXXXXXXXXXXXXXXXXXXXXXXXXXXXXXXXXXXXXXXXXXXXXXXXXXXXXXXX
; XXXXXXXXXXXXXXXXXXXXXXXXXXXXXXXXXXXXXXXXXXXXXXXXXXXXXXXXXXXX
; XXXXXXXXXXXXXXXXXXXXXXXXXXXXXXXXXXXXXXXXXXXXXXXXXXXXXXXXXXXX
; XXXXXXXXXXXXXXXXXXXXXXXXXXXXXXXXXXXXXXXXXXXXXXXXXXXXXXXXXXXX
; XXXXXXXXXXXXXXXXXXXXXXXXXXXXXXXXXXXXXXXXXXXXXXXXXXXXXXXXXXXX
; XXXXXXXXXXXXXXXXXXXXXXXXXXXXXXXXXXXXXXXXXXXXXXXXXXXXXXXXXXXX
; XXXXXXXXXXXXXXXXXXXXXXXXXXXXXXXXXXXXXXXXXXXXXXXXXXXXXXXXXXXX
; XXXXXXXXXXXXXXXXXXXXXXXXXXXXXXXXXXXXXXXXXXXXXXXXXXXXXXXXXXXX
; XXXXXXXXXXXXXXXXXXXXXXXXXXXXXXXXXXXXXXXXXXXXXXXXXXXXXXXXXXXX
; XXXXXXXXXXXXXXXXXXXXXXXXXXXXXXXXXXXXXXXXXXXXXXXXXXXXXXXXXXXX
; XXXXXXXXXXXXXXXXXXXXXXXXXXXXXXXXXXXXXXXXXXXXXXXXXXXXXXXXXXXX
; XXXXXXXXXXXXXXXXXXXXXXXXXXXXXXXXXXXXXXXXXXXXXXXXXXXXXXXXXXXX
; XXXXXXXXXXXXXXXXXXXXXXXXXXXXXXXXXXXXXXXXXXXXXXXXXXXXXXXXXXXX
; XXXXXXXXXXXXXXXXXXXXXXXXXXXXXXXXXXXXXXXXXXXXXXXXXXXXXXXXXXXX
